// Jest Snapshot v1, https://goo.gl/fbAQLP

exports[`LoginPage should match snapshot via react-test-renderer. 1`] = `
.c0 {
  display: -webkit-box;
  display: -webkit-flex;
  display: -ms-flexbox;
  display: flex;
  -webkit-box-pack: center;
  -webkit-justify-content: center;
  -ms-flex-pack: center;
  justify-content: center;
}

.c1 {
  max-width: 500px;
  width: 100%;
  height: 440px;
  background-color: #fff;
  margin: 100px 20px 0;
}

.c2 {
  max-width: 320px;
  width: 100%;
  margin: 0 auto;
  padding-top: 80px;
}

.c3 {
  margin-bottom: 40px;
  font-size: 20px;
  font-weight: bold;
}

.c4 {
  position: relative;
  margin-bottom: 40px;
}

.c5 {
  position: absolute;
  bottom: -20px;
  width: 100%;
  font-size: 12px;
  color: #000;
  text-align: right;
  -webkit-text-decoration: none;
  text-decoration: none;
}

<div
  className="c0"
>
  <div
    className="c1"
  >
    <div
      className="c2"
    >
      <h2
        className="c3"
      >
        ログイン
      </h2>
      <form
        onSubmit={[Function]}
      >
        <div
          className="c4"
        >
          <input
            name="email"
            type="email"
          />
        </div>
        <div
          className="c4"
        >
          <input
            name="password"
            type="password"
          />
          <a
            className="c5"
            href="/"
            onClick={[Function]}
          >
            パスワードを忘れた場合
          </a>
        </div>
        <button
          type="submit"
        >
          送信
        </button>
      </form>
    </div>
  </div>
</div>
`;
